yarn run v1.22.22
$ vite build
[36mvite v6.4.1 [32mbuilding for production...[36m[39m
transforming...
[32mΓ£ô[39m 4 modules transformed.
node.exe : 
[31mΓ£ù[39m Build 
failed in 92ms
At C:\Users\10\AppData
\Roaming\npm\yarn.ps1:
24 char:5
+     & "node$exe"  "$
basedir/node_modules/y
arn/bin/yarn.js" $args
+     ~~~~~~~~~~~~~~~~
~~~~~~~~~~~~~~~~~~~~~~
~~~~~~~~~~~~~~~~~~~~~~
    + CategoryInfo    
          : NotSpeci  
  fied: ([31mΓ£ù[   
 39m Build failed     
in 92ms:String) [    
], RemoteExceptio    n
    + FullyQualifiedE 
   rrorId : NativeCo  
  mmandError
 
[31merror during 
build:
[31m[@tailwindcss/vit
e:generate:build] 
Cannot convert 
undefined or null to 
object[31m
file: [36mD:/programm
ing/frontEnd_mentor_ch
allengs/tip-calculator
-app/tip-calculator-ap
p/src/index.css[31m
    at B.generate (fil
e:///D:/programming/fr
ontEnd_mentor_challeng
s/tip-calculator-app/t
ip-calculator-app/node
_modules/@tailwindcss/
vite/dist/index.mjs:1:
5598)
    at async 
Object.transform (file
:///D:/programming/fro
ntEnd_mentor_challengs
/tip-calculator-app/ti
p-calculator-app/node_
modules/@tailwindcss/v
ite/dist/index.mjs:1:3
630)
    at async 
transform (file:///D:/
programming/frontEnd_m
entor_challengs/tip-ca
lculator-app/tip-calcu
lator-app/node_modules
/rollup/dist/es/shared
/node-entry.js:21234:1
6)
    at async ModuleLoa
der.addModuleSource (f
ile:///D:/programming/
frontEnd_mentor_challe
ngs/tip-calculator-app
/tip-calculator-app/no
de_modules/rollup/dist
/es/shared/node-entry.
js:21448:36)[39m
error Command failed 
with exit code 1.
info Visit https://yarnpkg.com/en/docs/cli/run for documentation about this command.
